[www.smarttemplates.net/lateral/Demo02/index.html]
[backblue.gif]
[fade.gif]
[index.html]
[www.smarttemplates.net/lateral/Demo02/index-2.html]
[www.smarttemplates.net/lateral/Demo02/images/intro-animation.png]
[www.smarttemplates.net/lateral/Demo02/images/desktop-frame-about.png]
[www.smarttemplates.net/lateral/Demo02/images/desktop-frame-about-2.png]
[www.smarttemplates.net/lateral/Demo02/images/desktop-frame-about-3.png]
[www.smarttemplates.net/lateral/Demo02/images/icons/icons-64-violet/responsive-64.png]
[www.smarttemplates.net/lateral/Demo02/images/icons/icons-64-violet/desktop-chart-64.png]
[www.smarttemplates.net/lateral/Demo02/images/icons/icons-64-violet/browser-64.png]
[www.smarttemplates.net/lateral/Demo02/images/icons/icons-64-violet/users-64.png]
[www.smarttemplates.net/lateral/Demo02/images/icons/icons-64-violet/security-64.png]
[www.smarttemplates.net/lateral/Demo02/images/icons/icons-64-violet/target-64.png]
[www.smarttemplates.net/lateral/Demo02/images/avatar-1.jpg]
[www.smarttemplates.net/lateral/Demo02/images/avatar-2.jpg]
[www.smarttemplates.net/lateral/Demo02/images/avatar-3.jpg]
[www.smarttemplates.net/lateral/Demo02/images/avatar-4.jpg]
[www.smarttemplates.net/lateral/Demo02/images/avatar-5.jpg]
[www.smarttemplates.net/lateral/Demo02/images/avatar-6.jpg]
[www.smarttemplates.net/lateral/Demo02/images/clients/clients-logo1.png]
[www.smarttemplates.net/lateral/Demo02/images/clients/clients-logo2.png]
[www.smarttemplates.net/lateral/Demo02/images/clients/clients-logo3.png]
[www.smarttemplates.net/lateral/Demo02/images/clients/clients-logo4.png]
[www.smarttemplates.net/lateral/Demo02/images/clients/clients-logo5.png]
[www.smarttemplates.net/lateral/Demo02/images/social/black/twitter.png]
[www.smarttemplates.net/lateral/Demo02/images/social/black/facebook.png]
[www.smarttemplates.net/lateral/Demo02/images/social/black/linkedin.png]
[www.smarttemplates.net/lateral/Demo02/images/intro-animation.gif]
[www.smarttemplates.net/lateral/Demo02/js/jquery-3.3.1.min.js]
[www.smarttemplates.net/lateral/Demo02/js/jquery.paroller.min.js]
[www.smarttemplates.net/lateral/Demo02/js/jquery.custom.js]
[www.smarttemplates.net/lateral/Demo02/js/swiper.min.js]
[www.smarttemplates.net/lateral/Demo02/js/swiper.custom.js]
[www.smarttemplates.net/lateral/Demo02/js/menu.js]
[www.smarttemplates.net/lateral/Demo02/index.html]
[www.smarttemplates.net/lateral/Demo02/css/swiper.css]
[www.smarttemplates.net/lateral/Demo02/images/drop-down.png]
[www.smarttemplates.net/lateral/Demo02/images/btn-play.png]
[www.smarttemplates.net/lateral/Demo02/images/checked.png]
[www.smarttemplates.net/lateral/Demo02/images/icons/icons-64-violet/icons-bg.png]
[www.smarttemplates.net/lateral/Demo02/images/checked-pricing.png]
[www.smarttemplates.net/lateral/Demo02/images/checked-pricing-white.png]
[www.smarttemplates.net/lateral/Demo02/images/upload_file.png]
[www.smarttemplates.net/lateral/Demo02/style.css]
[www.smarttemplates.net/lateral/Demo02/index-2.html]
[www.smarttemplates.net/lateral/Demo02/css/reset.css]
[www.smarttemplates.net/lateral/Demo02/images/upload_file.html]
